                              1 ;--------------------------------------------------------
                              2 ; File Created by SDCC : FreeWare ANSI-C Compiler
                              3 ; Version 2.1.9Ga Sun Jan 16 17:31:28 2000
                              4 
                              5 ;--------------------------------------------------------
                              6 	.module _gptrput
                              7 ;--------------------------------------------------------
                              8 ; publics variables in this module
                              9 ;--------------------------------------------------------
                             10 	.globl __gptrput
                             11 ;--------------------------------------------------------
                             12 ; special function registers
                             13 ;--------------------------------------------------------
                             14 ;--------------------------------------------------------
                             15 ; special function bits 
                             16 ;--------------------------------------------------------
                             17 ;--------------------------------------------------------
                             18 ; internal ram data
                             19 ;--------------------------------------------------------
                             20 	.area	DSEG    (DATA)
                             21 ;--------------------------------------------------------
                             22 ; overlayable items in internal ram 
                             23 ;--------------------------------------------------------
                             24 	.area	OSEG	(OVR,DATA)
                             25 ;--------------------------------------------------------
                             26 ; indirectly addressable internal ram data
                             27 ;--------------------------------------------------------
                             28 	.area	ISEG    (DATA)
                             29 ;--------------------------------------------------------
                             30 ; bit data
                             31 ;--------------------------------------------------------
                             32 	.area	BSEG    (BIT)
                             33 ;--------------------------------------------------------
                             34 ; external ram data
                             35 ;--------------------------------------------------------
                             36 	.area	XSEG    (XDATA)
                             37 ;--------------------------------------------------------
                             38 ; global & static initialisations
                             39 ;--------------------------------------------------------
                             40 	.area GSINIT (CODE)
                             41 ;--------------------------------------------------------
                             42 ; code
                             43 ;--------------------------------------------------------
                             44 	.area CSEG (CODE)
                    0000     45 	G$_gptrput$0$0 ==.
                             46 ;	_gptrput.c 26
                             47 ;	-----------------------------------------
                             48 ;	 function _gptrput
                             49 ;	-----------------------------------------
   0000                      50 __gptrput:
                    0002     51 	ar2 = 0x02
                    0003     52 	ar3 = 0x03
                    0004     53 	ar4 = 0x04
                    0005     54 	ar5 = 0x05
                    0006     55 	ar6 = 0x06
                    0007     56 	ar7 = 0x07
                    0000     57 	ar0 = 0x00
                    0001     58 	ar1 = 0x01
                             59 ;	_gptrput.c 72
   0000 C8                   60 	        xch      a,r0
   0001 C0 E0                61 		push     acc
   0003 C8                   62 		xch      a,r0
   0004 C0 E0                63 		push     acc
                             64 	    ;
                             65 	    ;   depending on the pointer type
                             66 	    ;
   0006 E5 F0                67 	        mov     a,b
   0008 60 0D                68 		jz      00001$
   000A 14                   69 	        dec     a
   000B 60 11                70 	        jz      00002$
   000D 14                   71 	        dec     a
   000E 60 13                72 	        jz      00003$
   0010 14                   73 	        dec     a
   0011 60 14                74 	        jz      00004$
   0013 D0 E0                75 		pop     acc
   0015 80 15                76 		sjmp    00005$
                             77 ;
                             78 ;       store into near space
                             79 ;       
   0017                      80  00001$:
   0017 D0 E0                81 		pop     acc
   0019 A8 82                82 		mov     r0,dpl
   001B F6                   83 		mov     @r0,a
   001C 80 0E                84 		sjmp    00005$
   001E                      85  00002$:
   001E D0 E0                86 		pop     acc
   0020 F0                   87 		movx    @dptr,a
   0021 80 09                88 		sjmp    00005$
   0023                      89  00003$:
   0023 D0 E0                90 		pop     acc    ; do nothing
   0025 80 05                91 		sjmp    00005$
   0027                      92  00004$:
   0027 D0 E0                93 		pop     acc
   0029 A8 82                94 		mov     r0,dpl
   002B F2                   95 		movx    @r0,a
   002C                      96  00005$:
   002C C8                   97 		xch     a,r0
   002D D0 E0                98 		pop     acc
   002F C8                   99 		xch     a,r0
   0030                     100 00101$:
                    0030    101 	C$_gptrput.c$73$1$1 ==.
                    0030    102 	XG$_gptrput$0$0 ==.
   0030 22                  103 	ret
                            104 	.area	CSEG    (CODE)
