                              1 ;--------------------------------------------------------
                              2 ; File Created by SDCC : FreeWare ANSI-C Compiler
                              3 ; Version 2.1.9Ga Sun Jan 16 17:31:40 2000
                              4 
                              5 ;--------------------------------------------------------
                              6 	.module _strcat
                              7 ;--------------------------------------------------------
                              8 ; publics variables in this module
                              9 ;--------------------------------------------------------
                             10 	.globl _strcat_PARM_2
                             11 	.globl _strcat
                             12 ;--------------------------------------------------------
                             13 ; special function registers
                             14 ;--------------------------------------------------------
                             15 ;--------------------------------------------------------
                             16 ; special function bits 
                             17 ;--------------------------------------------------------
                             18 ;--------------------------------------------------------
                             19 ; internal ram data
                             20 ;--------------------------------------------------------
                             21 	.area	DSEG    (DATA)
   0000                      22 _strcat_sloc0_1_0:
   0000                      23 	.ds	0x0003
                             24 ;--------------------------------------------------------
                             25 ; overlayable items in internal ram 
                             26 ;--------------------------------------------------------
                             27 	.area	OSEG	(OVR,DATA)
                             28 ;--------------------------------------------------------
                             29 ; indirectly addressable internal ram data
                             30 ;--------------------------------------------------------
                             31 	.area	ISEG    (DATA)
                             32 ;--------------------------------------------------------
                             33 ; bit data
                             34 ;--------------------------------------------------------
                             35 	.area	BSEG    (BIT)
                             36 ;--------------------------------------------------------
                             37 ; external ram data
                             38 ;--------------------------------------------------------
                             39 	.area	XSEG    (XDATA)
   0000                      40 _strcat_PARM_2:
   0000                      41 	.ds	0x0003
   0003                      42 _strcat_dst_1_1:
   0003                      43 	.ds	0x0003
                             44 ;--------------------------------------------------------
                             45 ; global & static initialisations
                             46 ;--------------------------------------------------------
                             47 	.area GSINIT (CODE)
                             48 ;--------------------------------------------------------
                             49 ; code
                             50 ;--------------------------------------------------------
                             51 	.area CSEG (CODE)
                    0000     52 	G$strcat$0$0 ==.
                             53 ;	_strcat.c 26
                             54 ;	-----------------------------------------
                             55 ;	 function strcat
                             56 ;	-----------------------------------------
   0000                      57 _strcat:
                    0002     58 	ar2 = 0x02
                    0003     59 	ar3 = 0x03
                    0004     60 	ar4 = 0x04
                    0005     61 	ar5 = 0x05
                    0006     62 	ar6 = 0x06
                    0007     63 	ar7 = 0x07
                    0000     64 	ar0 = 0x00
                    0001     65 	ar1 = 0x01
                             66 ;	_strcat.c 38
   0000 C0 F0                67 	push	b
   0002 C0 83                68 	push	dph
   0004 C0 82                69 	push	dpl
   0006 90s00r03             70 	mov	dptr,#_strcat_dst_1_1
   0009 D0 E0                71 	pop	acc
   000B F0                   72 	movx	@dptr,a
   000C D0 E0                73 	pop	acc
   000E A3                   74 	inc	dptr
   000F F0                   75 	movx	@dptr,a
   0010 D0 E0                76 	pop	acc
   0012 A3                   77 	inc	dptr
   0013 F0                   78 	movx	@dptr,a
                             79 ;	_strcat.c 31
   0014 90s00r03             80 	mov	dptr,#_strcat_dst_1_1
   0017 E0                   81 	movx	a,@dptr
   0018 FA                   82 	mov	r2,a
   0019 A3                   83 	inc	dptr
   001A E0                   84 	movx	a,@dptr
   001B FB                   85 	mov	r3,a
   001C A3                   86 	inc	dptr
   001D E0                   87 	movx	a,@dptr
   001E FC                   88 	mov	r4,a
                             89 ;	_strcat.c 33
   001F                      90 00101$:
   001F 8A 82                91 	mov	dpl,r2
   0021 8B 83                92 	mov	dph,r3
   0023 8C F0                93 	mov	b,r4
   0025 12s00r00             94 	lcall	__gptrget
                             95 ; Peephole 105   removed redundant mov
   0028 FD                   96 	mov  r5,a
                             97 ; Peephole 110   removed ljmp by inverse jump logic
   0029 60 07                98 	jz  00111$
   002B                      99 00113$:
                            100 ;	_strcat.c 34
   002B 0A                  101 	inc	r2
   002C BA 00 01            102 	cjne	r2,#0x00,00114$
   002F 0B                  103 	inc	r3
   0030                     104 00114$:
                            105 ;	_strcat.c 36
                            106 ; Peephole 132   changed ljmp to sjmp
   0030 80 ED               107 	sjmp 00101$
   0032                     108 00111$:
   0032 90s00r00            109 	mov	dptr,#_strcat_PARM_2
   0035 E0                  110 	movx	a,@dptr
   0036 F5*00               111 	mov	_strcat_sloc0_1_0,a
   0038 A3                  112 	inc	dptr
   0039 E0                  113 	movx	a,@dptr
   003A F5*01               114 	mov	(_strcat_sloc0_1_0 + 1),a
   003C A3                  115 	inc	dptr
   003D E0                  116 	movx	a,@dptr
   003E F5*02               117 	mov	(_strcat_sloc0_1_0 + 2),a
   0040                     118 00104$:
   0040 8A 00               119 	mov	ar0,r2
   0042 8B 01               120 	mov	ar1,r3
   0044 8C 05               121 	mov	ar5,r4
   0046 0A                  122 	inc	r2
   0047 BA 00 01            123 	cjne	r2,#0x00,00115$
   004A 0B                  124 	inc	r3
   004B                     125 00115$:
   004B 85*00 82            126 	mov	dpl,_strcat_sloc0_1_0
   004E 85*01 83            127 	mov	dph,(_strcat_sloc0_1_0 + 1)
   0051 85*02 F0            128 	mov	b,(_strcat_sloc0_1_0 + 2)
   0054 05*00               129 	inc	_strcat_sloc0_1_0
   0056 E4                  130 	clr	a
   0057 B5*00 02            131 	cjne	a,_strcat_sloc0_1_0,00116$
   005A 05*01               132 	inc	(_strcat_sloc0_1_0 + 1)
   005C                     133 00116$:
   005C 12s00r00            134 	lcall	__gptrget
                            135 ; Peephole 190   removed redundant mov
                            136 ; Peephole 191   removed redundant mov
   005F FE                  137 	mov  r6,a
   0060 88 82               138 	mov  dpl,r0
   0062 89 83               139 	mov  dph,r1
   0064 8D F0               140 	mov  b,r5
   0066 12s00r00            141 	lcall __gptrput
                            142 ; Peephole 109   removed ljmp by inverse jump logic
   0069 70 D5               143 	jnz  00104$
   006B                     144 00117$:
                            145 ;	_strcat.c 38
   006B 90s00r03            146 	mov	dptr,#_strcat_dst_1_1
   006E E0                  147 	movx	a,@dptr
   006F FA                  148 	mov	r2,a
   0070 A3                  149 	inc	dptr
   0071 E0                  150 	movx	a,@dptr
   0072 FB                  151 	mov	r3,a
   0073 A3                  152 	inc	dptr
   0074 E0                  153 	movx	a,@dptr
   0075 FC                  154 	mov	r4,a
   0076 8A 82               155 	mov	dpl,r2
   0078 8B 83               156 	mov	dph,r3
   007A 8C F0               157 	mov	b,r4
   007C                     158 00107$:
                    007C    159 	C$_strcat.c$40$1$1 ==.
                    007C    160 	XG$strcat$0$0 ==.
   007C 22                  161 	ret
                            162 	.area	CSEG    (CODE)
