Toms AVR macro assembler version 1.11 (Dec 13 1999)
Copyright (C) 1999 - Tom Mortensen
E-mail: tomo@image.dk  WWW: http://www.image.dk/~tomo

+------------------+-----------------------------------------------------------+
| Value            | Text                                                      |
|------------------|-----------------------------------------------------------|
| 000000 0000      |         nop                                               |
| 000001 2400      |         clr     r0                                        |
| 000002 BE0F      |         out     $3f,r0                                    |
|                  |                                                           |
|                  | ;       jmp     t2                                        |
|                  |                                                           |
| 000003 E102      |         ldi     r16,$12                                   |
| 000004 2E20      |         mov     r2,r16                                    |
| 000005 9503      |         inc     r16                                       |
| 000006 9423      |         inc     r2                                        |
| 000007 EF1F      |         ldi     r17,$ff                                   |
| 000008 9513      |         inc     r17                                       |
| 000009 E72F      |         ldi     r18,$7f                                   |
| 00000A 9523      |         inc     r18                                       |
| 00000B 0000      |         nop                                               |
|                  | t1:                                                       |
| 00000C E00A      |         ldi     r16,10          ; 10+20                   |
| 00000D E114      |         ldi     r17,20                                    |
| 00000E 0F01      |         add     r16,r17                                   |
| 00000F B60F      |         in      r0,$3f                                    |
| 000010 2F20      |         mov     r18,r16                                   |
| 000011 E70F      |         ldi     r16,127         ; 127+10                  |
| 000012 E01A      |         ldi     r17,10                                    |
| 000013 0F01      |         add     r16,r17                                   |
| 000014 B61F      |         in      r1,$3f                                    |
| 000015 2F30      |         mov     r19,r16                                   |
| 000016 EF0F      |         ldi     r16,255         ; 255+2                   |
| 000017 E012      |         ldi     r17,2                                     |
| 000018 0F01      |         add     r16,r17                                   |
| 000019 B62F      |         in      r2,$3f                                    |
| 00001A 2F40      |         mov     r20,r16                                   |
| 00001B EF0F      |         ldi     r16,255         ; 255+1                   |
| 00001C E011      |         ldi     r17,1                                     |
| 00001D 0F01      |         add     r16,r17                                   |
| 00001E B63F      |         in      r3,$3f                                    |
| 00001F 2F50      |         mov     r21,r16                                   |
| 000020 E00A      |         ldi     r16,10          ; 10+6                    |
| 000021 E016      |         ldi     r17,6                                     |
| 000022 0F01      |         add     r16,r17                                   |
| 000023 B64F      |         in      r4,$3f                                    |
| 000024 2F60      |         mov     r22,r16                                   |
| 000025 0000      |         nop                                               |
test_arith.asm:43: Warning : Constant 0xFFFFFFF6 out of range (0x00-0xFF)
| 000026 EF06      |         ldi     r16,-10         ; -10-20                  |
test_arith.asm:44: Warning : Constant 0xFFFFFFEC out of range (0x00-0xFF)
| 000027 EE1C      |         ldi     r17,-20                                   |
| 000028 0F01      |         add     r16,r17                                   |
| 000029 B65F      |         in      r5,$3f                                    |
| 00002A 2F70      |         mov     r23,r16                                   |
test_arith.asm:48: Warning : Constant 0xFFFFFF88 out of range (0x00-0xFF)
| 00002B E808      |         ldi     r16,-120        ; -120-30                 |
test_arith.asm:49: Warning : Constant 0xFFFFFFE2 out of range (0x00-0xFF)
| 00002C EE12      |         ldi     r17,-30                                   |
| 00002D 0F01      |         add     r16,r17                                   |
| 00002E B66F      |         in      r6,$3f                                    |
| 00002F 2F80      |         mov     r24,r16                                   |
| 000030 0000      |         nop                                               |
| 000031 EF0E      |         ldi     r16,254         ; 254+1 +0                |
| 000032 E011      |         ldi     r17,1                                     |
| 000033 9488      |         clc                                               |
| 000034 1F01      |         adc     r16,r17                                   |
| 000035 B67F      |         in      r7,$3f                                    |
| 000036 2F90      |         mov     r25,r16                                   |
| 000037 EF0E      |         ldi     r16,254         ; 254+1 +1                |
| 000038 9408      |         sec                                               |
| 000039 1F01      |         adc     r16,r17                                   |
| 00003A B68F      |         in      r8,$3f                                    |
| 00003B 2FA0      |         mov     r26,r16                                   |
| 00003C 0000      |         nop                                               |
|                  | t2:                                                       |
| 00003D E080      |         ldi     r24,0                                     |
| 00003E E090      |         ldi     r25,0                                     |
| 00003F 9644      |         adiw    r24,20                                    |
| 000040 EFAF      |         ldi     r26,low($0fff)                            |
| 000041 E0BF      |         ldi     r27,high($0fff)                           |
| 000042 9612      |         adiw    r26,2                                     |
| 000043 EFC0      |         ldi     r28,low($fff0)                            |
| 000044 EFDF      |         ldi     r29,high($fff0)                           |
| 000045 962F      |         adiw    r28,$f                                    |
| 000046 9621      |         adiw    r28,1                                     |
|                  | done:                                                     |
| 000047 940C 0047 |         jmp     done                                      |
|                  |                                                           |
|                  | copyright:                                                |
| 000049 2863 2920 |         .db     "(c) 2000 Talker Bt."                     |
| 00004B 3230 3030 |                                                           |
| 00004D 2054 616C |                                                           |
| 00004F 6B65 7220 |                                                           |
| 000051 4274 2E00 |                                                           |
|                  |                                                           |
+------------------+-----------------------------------------------------------+

Errors      : 0
Warnings    : 4
Code        : 83
Rom         : 0
Data        : 0
Unused Code : 0
Unused Rom  : 0
