Toms AVR macro assembler version 1.11 (Dec 13 1999)
Copyright (C) 1999 - Tom Mortensen
E-mail: tomo@image.dk  WWW: http://www.image.dk/~tomo

+------------------+-----------------------------------------------------------+
| Value            | Text                                                      |
|------------------|-----------------------------------------------------------|
| 000000 0000      |         nop                                               |
| 000001 940C 0004 |         jmp     skip                                      |
| 000003 0000      |         nop                                               |
|                  | skip:                                                     |
| 000004 E00C      |         ldi     r16,12                                    |
| 000005 E01D      |         ldi     r17,13                                    |
| 000006 1301      |         cpse    r16,r17                                   |
| 000007 9503      |         inc     r16                                       |
| 000008 1301      |         cpse    r16,r17                                   |
| 000009 9503      |         inc     r16                                       |
| 00000A 9503      |         inc     r16                                       |
| 00000B 0000      |         nop                                               |
| 00000C 0000      |         nop                                               |
| 00000D E000      |         ldi     r16,0                                     |
| 00000E FD00      |         sbrc    r16,0                                     |
| 00000F 0000      |         nop                                               |
| 000010 FD01      |         sbrc    r16,1                                     |
| 000011 940C 0000 |         jmp     0                                         |
| 000013 FF02      |         sbrs    r16,2                                     |
| 000014 EF0F      |         ldi     r16,$ff                                   |
| 000015 FF07      |         sbrs    r16,7                                     |
| 000016 0000      |         nop                                               |
| 000017 FF06      |         sbrs    r16,6                                     |
| 000018 940C 0000 |         jmp     0                                         |
| 00001A 0000      |         nop                                               |
|                  | t0:                                                       |
|                  | ;       rjmp    -$100                                     |
| 00001B 9488      |         bclr    0                                         |
| 00001C F038      |         brbs    0,b0_1                                    |
| 00001D F430      |         brbc    0,b0_1                                    |
| 00001E 0000      |         nop                                               |
|                  | b2_0:                                                     |
| 00001F 0000      |         nop                                               |
|                  | b1_0:                                                     |
| 000020 9498      |         bclr    1                                         |
| 000021 F031      |         brbs    1,b1_1                                    |
| 000022 F429      |         brbc    1,b1_1                                    |
| 000023 0000      |         nop                                               |
|                  | b0_1:                                                     |
| 000024 9408      |         bset    0                                         |
| 000025 F7D0      |         brbc    0,b1_0                                    |
| 000026 F3C8      |         brbs    0,b1_0                                    |
| 000027 0000      |         nop                                               |
|                  | b1_1:                                                     |
| 000028 9418      |         bset    1                                         |
| 000029 F7A9      |         brbc    1,b2_0                                    |
| 00002A F3A1      |         brbs    1,b2_0                                    |
| 00002B 0000      |         nop                                               |
|                  | t1:                                                       |
| 00002C E3E0      |         ldi     r30,low(t11)                              |
| 00002D E0F0      |         ldi     r31,high(t11)                             |
| 00002E 9409      |         ijmp                                              |
| 00002F 0000      |         nop                                               |
|                  | t11:                                                      |
| 000030 C001      |         rjmp    t2                                        |
| 000031 0000      |         nop                                               |
|                  | t2:                                                       |
| 000032 CFE8      |         rjmp    t0                                        |
| 000033 0000      |         nop                                               |
|                  |                                                           |
|                  | copyright:                                                |
| 000034 2863 2920 |         .db     "(c) 2000 talker Bt."                     |
| 000036 3230 3030 |                                                           |
| 000038 2074 616C |                                                           |
| 00003A 6B65 7220 |                                                           |
| 00003C 4274 2E00 |                                                           |
|                  |                                                           |
+------------------+-----------------------------------------------------------+

Errors      : 0
Warnings    : 0
Code        : 62
Rom         : 0
Data        : 0
Unused Code : 0
Unused Rom  : 0
